// Jest Snapshot v1, https://goo.gl/fbAQLP

exports[`Tetris Should render correctly 1`] = `ShallowWrapper {}`;
